
> carvipix@0.1.0 build
> next build

Ôû▓ Next.js 16.2.9 (Turbopack)
- Environments: .env.local

node.exe : ÔÜá The "middleware" file convention is deprecated. Please use 
"proxy" instead. Learn more: 
https://nextjs.org/docs/messages/middleware-to-proxy
En línea: 1 Carácter: 1
+ & "C:\Program Files\nodejs/node.exe" "C:\Program Files\nodejs/node_mo ...
+ ~~~~~~~~~~~~~~~~~~~~~~~~~~~~~~~~~~~~~~~~~~~~~~~~~~~~~~~~~~~~~~~~~~~~~
    + CategoryInfo          : NotSpecified: (ÔÜá The "middle...leware-to-proxy 
   :String) [], RemoteException
    + FullyQualifiedErrorId : NativeCommandError
 
  Creating an optimized production build ...
Turbopack build encountered 1 warnings:
./next.config.ts
Encountered unexpected file in NFT list
A file was traced that indicates that the whole project was traced 
unintentionally. Somewhere in the import trace below, there are:
- filesystem operations (like path.join, path.resolve or fs.readFile), or
- very dynamic requires (like require('./' + foo)).
To resolve this, you can
- remove them if possible, or
- only use them in development, or
- make sure they are statically scoped to some subfolder: 
path.join(process.cwd(), 'data', bar), or
- add ignore comments: path.join(/*turbopackIgnore: true*/ process.cwd(), bar)

Import trace:
  App Route:
    ./next.config.ts
    ./app/engine/backtesting/massiveLab.ts
    ./app/api/backtesting/massive/route.ts


Ô£ô Compiled successfully in 5.6s
  Running TypeScript ...
  Finished TypeScript in 9.0s ...
  Collecting page data using 31 workers ...
  Generating static pages using 31 workers (0/130) ...
  Generating static pages using 31 workers (32/130) 
  Generating static pages using 31 workers (64/130) 
  Generating static pages using 31 workers (97/130) 
Ô£ô Generating static pages using 31 workers (130/130) in 3.3s
  Finalizing page optimization ...

Route (app)
Ôöî Ôùï /
Ôö£ Ôùï /_not-found
Ôö£ Ôùï /academia
Ôö£ ãÆ /admin
Ôö£ Ôùï /admin/observer-v3
Ôö£ Ôùï /alertas
Ôö£ Ôùï /analisis
Ôö£ ãÆ /api/admin/alerts
Ôö£ ãÆ /api/admin/brain
Ôö£ ãÆ /api/admin/brain/[...action]
Ôö£ ãÆ /api/admin/client-panel
Ôö£ ãÆ /api/admin/commercial
Ôö£ ãÆ /api/admin/communications
Ôö£ ãÆ /api/admin/compliance
Ôö£ ãÆ /api/admin/db-check
Ôö£ ãÆ /api/admin/identity-verification
Ôö£ ãÆ /api/admin/identity-verification/[requestId]/document
Ôö£ ãÆ /api/admin/memberships
Ôö£ ãÆ /api/admin/payments/orders
Ôö£ ãÆ /api/admin/payments/orders/[orderId]
Ôö£ ãÆ /api/admin/payments/paypal/seed
Ôö£ ãÆ /api/admin/system
Ôö£ ãÆ /api/auth/admin/session
Ôö£ ãÆ /api/auth/forgot-password
Ôö£ ãÆ /api/auth/login
Ôö£ ãÆ /api/auth/logout
Ôö£ ãÆ /api/auth/register
Ôö£ ãÆ /api/auth/resend-verification
Ôö£ ãÆ /api/auth/reset-password
Ôö£ ãÆ /api/auth/session
Ôö£ ãÆ /api/auth/verify-email
Ôö£ ãÆ /api/backtesting/massive
Ôö£ ãÆ /api/backtesting/research
Ôö£ ãÆ /api/bot/mt5/ack
Ôö£ ãÆ /api/bot/mt5/closure
Ôö£ ãÆ /api/bot/mt5/download
Ôö£ ãÆ /api/bot/mt5/execution
Ôö£ ãÆ /api/bot/mt5/executions
Ôö£ ãÆ /api/bot/mt5/handshake
Ôö£ ãÆ /api/bot/mt5/heartbeat
Ôö£ ãÆ /api/bot/mt5/signals
Ôö£ ãÆ /api/client/alerts
Ôö£ ãÆ /api/client/balance
Ôö£ ãÆ /api/client/billing
Ôö£ ãÆ /api/client/billing-profiles
Ôö£ ãÆ /api/client/bot
Ôö£ ãÆ /api/client/capital
Ôö£ ãÆ /api/client/community/chat
Ôö£ ãÆ /api/client/compliance/acceptances
Ôö£ ãÆ /api/client/compliance/catalog
Ôö£ ãÆ /api/client/data
Ôö£ ãÆ /api/client/identity-verification
Ôö£ ãÆ /api/client/membership
Ôö£ ãÆ /api/client/operations
Ôö£ ãÆ /api/client/payment-methods
Ôö£ ãÆ /api/client/payment-orders
Ôö£ ãÆ /api/client/payment-orders/[orderId]
Ôö£ ãÆ /api/client/payment-orders/[orderId]/checkout-session
Ôö£ ãÆ /api/client/payments
Ôö£ ãÆ /api/client/portal
Ôö£ ãÆ /api/client/reports
Ôö£ ãÆ /api/client/support
Ôö£ ãÆ /api/client/support/faq
Ôö£ ãÆ /api/client/support/intelligence
Ôö£ ãÆ /api/client/user
Ôö£ ãÆ /api/datasets
Ôö£ ãÆ /api/health
Ôö£ ãÆ /api/internal/certification-logs
Ôö£ ãÆ /api/internal/certification-logs/export
Ôö£ ãÆ /api/internal/community-publisher/events
Ôö£ ãÆ /api/internal/community-publisher/init
Ôö£ ãÆ /api/internal/community-publisher/pause
Ôö£ ãÆ /api/internal/community-publisher/process
Ôö£ ãÆ /api/internal/community-publisher/publications
Ôö£ ãÆ /api/internal/community-publisher/publications/[id]/cancel
Ôö£ ãÆ /api/internal/community-publisher/publications/[id]/retry
Ôö£ ãÆ /api/internal/community-publisher/queue
Ôö£ ãÆ /api/internal/community-publisher/resume
Ôö£ ãÆ /api/internal/community-publisher/send-test-message
Ôö£ ãÆ /api/internal/community-publisher/status
Ôö£ ãÆ /api/internal/community-publisher/templates
Ôö£ ãÆ /api/internal/community-publisher/templates/[templateId]/approve
Ôö£ ãÆ /api/internal/community-publisher/templates/[templateId]/freeze
Ôö£ ãÆ /api/internal/community-publisher/templates/[templateId]/send-test
Ôö£ ãÆ /api/internal/community-publisher/templates/[templateId]/update
Ôö£ ãÆ /api/internal/community-publisher/templates/initialize
Ôö£ ãÆ /api/internal/community-publisher/validate
Ôö£ ãÆ /api/internal/maestro-v3-init
Ôö£ ãÆ /api/internal/master-signal
Ôö£ ãÆ /api/internal/observer
Ôö£ ãÆ /api/internal/observer-v3/[analysisId]
Ôö£ ãÆ /api/internal/observer-v3/analyses
Ôö£ ãÆ /api/internal/observer-v3/status
Ôö£ ãÆ /api/internal/observer/[symbol]
Ôö£ ãÆ /api/internal/shadow-production/daily-report
Ôö£ ãÆ /api/internal/shadow-production/events
Ôö£ ãÆ /api/internal/shadow-production/final-report
Ôö£ ãÆ /api/internal/shadow-production/health
Ôö£ ãÆ /api/internal/shadow-production/init
Ôö£ ãÆ /api/internal/trust-conversion/detect
Ôö£ ãÆ /api/internal/trust-conversion/init
Ôö£ ãÆ /api/internal/trust-conversion/metrics
Ôö£ ãÆ /api/internal/trust-conversion/suggestions
Ôö£ ãÆ /api/internal/trust-conversion/suggestions/[id]/[action]
Ôö£ ãÆ /api/payments/paypal/orders
Ôö£ ãÆ /api/payments/paypal/orders/[orderId]/capture
Ôö£ ãÆ /api/payments/paypal/status
Ôö£ ãÆ /api/payments/paypal/subscriptions
Ôö£ ãÆ /api/payments/paypal/subscriptions/[subscriptionId]
Ôö£ ãÆ /api/payments/paypal/subscriptions/[subscriptionId]/cancel
Ôö£ ãÆ /api/payments/paypal/webhook
Ôö£ ãÆ /api/payments/webhook
Ôö£ ãÆ /api/paypal/offerings
Ôö£ ãÆ /api/paypal/orders
Ôö£ ãÆ /api/paypal/orders/[orderId]/capture
Ôö£ ãÆ /api/paypal/orders/[orderId]/status
Ôö£ ãÆ /api/paypal/plans
Ôö£ ãÆ /api/paypal/subscriptions
Ôö£ ãÆ /api/paypal/subscriptions/[subscriptionId]/status
Ôö£ ãÆ /api/signals/master
Ôö£ ãÆ /api/webhooks/paypal
Ôö£ Ôùï /bot
Ôö£ Ôùï /bot-mt5
Ôö£ Ôùï /cancelacion
Ôö£ Ôùï /checkout
Ôö£ Ôùï /checkout/cancel
Ôö£ ãÆ /checkout/error
Ôö£ ãÆ /checkout/success
Ôö£ Ôùï /comunidad
Ôö£ Ôùï /cookies
Ôö£ Ôùï /crear-cuenta
Ôö£ Ôùï /dashboard
Ôö£ Ôùï /engine
Ôö£ Ôùï /engine/progreso
Ôö£ Ôùï /fondeo
Ôö£ Ôùï /gestion
Ôö£ Ôùï /gestion-capital
Ôö£ Ôùï /herramientas
Ôö£ Ôùï /legal
Ôö£ Ôùï /login
Ôö£ Ôùï /pagos-recurrentes
Ôö£ Ôùï /perfil
Ôö£ Ôùï /privacy
Ôö£ Ôùï /recuperar-password
Ôö£ Ôùï /reembolsos
Ôö£ Ôùï /registro
Ôö£ Ôùï /resultados
Ôö£ Ôùï /risk-disclosure
Ôö£ Ôùï /servicios
Ôö£ Ôùï /servicios/academia
Ôö£ Ôùï /servicios/alertas
Ôö£ Ôùï /servicios/analisis
Ôö£ Ôùï /servicios/bot
Ôö£ Ôùï /servicios/capital
Ôö£ Ôùï /servicios/comunidad
Ôö£ Ôùï /servicios/fondeo
Ôö£ Ôùï /servicios/resultados
Ôö£ Ôùï /soporte
Ôö£ Ôùï /studio
Ôö£ Ôùï /terms
Ôöö Ôùï /verificar-correo


ãÆ Proxy (Middleware)

Ôùï  (Static)   prerendered as static content
ãÆ  (Dynamic)  server-rendered on demand

