

C:\Users\user1\AppData\Roaming\MetaQuotes\Terminal\EC6CB01DD6EC087A123DA4B636574C06\MQL5\Experts\CARVIPIX_EA_MT5_V2_WITH_RETURNS.mq5 : information: compiling C:\Users\user1\AppData\Roaming\MetaQuotes\Terminal\EC6CB01DD6EC087A123DA4B636574C06\MQL5\Experts\CARVIPIX_EA_MT5_V2_WITH_RETURNS.mq5
 : information: generating code
 : information: generating code 3%
 : information: generating code 6%
 : information: generating code 9%
 : information: generating code 12%
 : information: generating code 15%
 : information: generating code 18%
 : information: generating code 21%
 : information: generating code 24%
 : information: generating code 27%
 : information: generating code 30%
 : information: generating code 33%
 : information: generating code 36%
 : information: generating code 39%
 : information: generating code 42%
 : information: generating code 45%
 : information: generating code 48%
 : information: generating code 51%
 : information: generating code 54%
 : information: generating code 57%
 : information: generating code 60%
 : information: generating code 63%
 : information: generating code 66%
 : information: generating code 69%
 : information: generating code 72%
 : information: generating code 75%
 : information: generating code 78%
 : information: generating code 81%
 : information: generating code 84%
 : information: generating code 87%
 : information: generating code 90%
 : information: generating code 93%
 : information: generating code 95%
 : information: generating code 100%
 : information: code generated
Result: 0 errors, 0 warnings, 505 ms elapsed, cpu='X64 Regular'
